../Core/Src/main.c:51:5:_write	32	static
../Core/Src/main.c:94:6:HCSR04_TRIGGER	16	static
../Core/Src/main.c:113:6:HAL_TIM_IC_CaptureCallback	16	static
../Core/Src/main.c:175:6:Car_Forward	8	static
../Core/Src/main.c:183:6:Car_Backward	8	static
../Core/Src/main.c:191:6:Car_Left	8	static
../Core/Src/main.c:199:6:Car_Right	8	static
../Core/Src/main.c:207:6:Car_Stop	8	static
../Core/Src/main.c:224:5:main	8	static
../Core/Src/main.c:372:6:SystemClock_Config	88	static
../Core/Src/main.c:421:6:Error_Handler	4	static,ignoring_inline_asm
